// Jest Snapshot v1, https://goo.gl/fbAQLP

exports[`Subprocess Callable (Function) Output 1`] = `
"[
    \\"Unit Testing ...\\"
]"
`;

exports[`Subprocess Callable (Function) Usage 1`] = `
"[
    \\"Unit Testing ...\\"
]"
`;

exports[`Subprocess Interface (Class) Output 1`] = `
"[
    \\"Unit Testing ...\\"
]"
`;

exports[`Subprocess Interface (Class) Usage 1`] = `
"[
    \\"Unit Testing ...\\"
]"
`;
